[0m
> build · glm-5.3-flash
[0m
[0m✗ [0mRead D:/home lab/github repo/portfolio/.oc-tmp/TASK-NAV-V3.md failed
[91m[1mError: [0mFile not found: D:\home lab\github repo\portfolio\.oc-tmp\TASK-NAV-V3.md
[0m✗ [0mRead D:/home lab/github repo/portfolio/.oc-tmp/nav-options.html failed
[91m[1mError: [0mFile not found: D:\home lab\github repo\portfolio\.oc-tmp\nav-options.html
[0m✱ [0mGlob "**/TASK-NAV*"[90m 0 matches[0m
[0m✱ [0mGlob "**/.oc-tmp/**"[90m 0 matches[0m
[0m
[0m$ [0mls -la "D:\home lab\github repo\portfolio" && ls -la "D:\home lab\github repo\portfolio\.oc-tmp" 2>/dev/null || echo "--- no .oc-tmp dir at repo root ---" && ls -la "D:\home lab\github repo\portfolio\workers\site"
total 45
drwxr-xr-x 1 sweet pea 197121    0 Sep 15 21:24 .
drwxr-xr-x 1 sweet pea 197121    0 Aug 20 13:31 ..
drwxr-xr-x 1 sweet pea 197121    0 Sep 18 14:27 .git
-rw-r--r-- 1 sweet pea 197121 1429 Sep 16 20:11 .gitattributes
-rw-r--r-- 1 sweet pea 197121  169 Sep 15 11:47 .gitignore
drwxr-xr-x 1 sweet pea 197121    0 Sep 18 14:26 .oc-tmp
-rw-r--r-- 1 sweet pea 197121 6069 Sep 10 21:58 .opencode-task.md
drwxr-xr-x 1 sweet pea 197121    0 Sep 13 20:02 .wrangler
-rw-r--r-- 1 sweet pea 197121 2850 Sep  9 12:58 AGENTS.md
drwxr-xr-x 1 sweet pea 197121    0 Aug 16 21:36 docs
-rw-r--r-- 1 sweet pea 197121 9333 Sep  9 12:58 README.md
drwxr-xr-x 1 sweet pea 197121    0 Sep 18 08:42 workers
total 1592
drwxr-xr-x 1 sweet pea 197121      0 Sep 18 14:26 .
drwxr-xr-x 1 sweet pea 197121      0 Sep 15 21:24 ..
-rw-r--r-- 1 sweet pea 197121   2274 Sep 10 17:56 added-lines-proof.txt
-rw-r--r-- 1 sweet pea 197121    391 Sep 10 12:49 api-routes-after.txt
-rw-r--r-- 1 sweet pea 197121    369 Sep 10 12:46 api-routes-before.txt
-rw-r--r-- 1 sweet pea 197121   3957 Sep 10 17:28 aurora-mobile2-verification.md
-rw-r--r-- 1 sweet pea 197121   4246 Sep 10 17:56 aurora-mobile3-verification.md
-rw-r--r-- 1 sweet pea 197121   3926 Sep 10 19:02 aurora-mobile6-verification.md
-rw-r--r-- 1 sweet pea 197121   1943 Sep 10 19:22 aurora-mobile7-verification.md
-rw-r--r-- 1 sweet pea 197121   1657 Sep 10 19:59 aurora-mobile8-verification.md
-rw-r--r-- 1 sweet pea 197121   5573 Sep 10 16:47 aurora-mobile-verification.md
-rw-r--r-- 1 sweet pea 197121   3039 Sep 10 14:23 aurora-p3b1-verification.md
-rw-r--r-- 1 sweet pea 197121   3281 Sep 10 14:30 aurora-p3b2-verification.md
-rw-r--r-- 1 sweet pea 197121   4009 Sep 10 14:46 aurora-p3b3-verification.md
-rw-r--r-- 1 sweet pea 197121   3349 Sep 10 21:27 aurora-polish3-verification.md
-rw-r--r-- 1 sweet pea 197121   4792 Sep 10 22:10 aurora-polish4-verification.md
-rw-r--r-- 1 sweet pea 197121   3970 Sep 10 20:27 aurora-polish-verification.md
-rw-r--r-- 1 sweet pea 197121   4112 Sep 10 12:52 aurora-verification.md
-rw-r--r-- 1 sweet pea 197121 144203 Sep 10 22:08 block1.js
-rw-r--r-- 1 sweet pea 197121   9317 Sep 10 22:08 block2.js
-rw-r--r-- 1 sweet pea 197121  38905 Sep 10 14:30 bundle.js
-rw-r--r-- 1 sweet pea 197121   2773 Sep 10 12:50 check-integrity.js
-rw-r--r-- 1 sweet pea 197121    874 Sep 10 20:26 extract.js
-rw-r--r-- 1 sweet pea 197121   1527 Sep 10 14:30 extract-check.js
-rw-r--r-- 1 sweet pea 197121 145321 Sep 10 12:46 index.before.html
drwxr-xr-x 1 sweet pea 197121      0 Sep 17 17:02 library-growth
-rw-r--r-- 1 sweet pea 197121 134666 Sep 10 17:27 mb2-block1.js
-rw-r--r-- 1 sweet pea 197121   9062 Sep 10 17:27 mb2-block2.js
drwxr-xr-x 1 sweet pea 197121      0 Sep 17 18:29 mobile-optimization
drwxr-xr-x 1 sweet pea 197121      0 Sep 10 11:51 mockups
drwxr-xr-x 1 sweet pea 197121      0 Sep 18 14:26 nav-v3-baseline
-rw-r--r-- 1 sweet pea 197121   6254 Sep 10 11:55 opencode-aurora.log
-rw-r--r-- 1 sweet pea 197121  24136 Sep 10 16:48 opencode-mobile.log
-rw-r--r-- 1 sweet pea 197121  38115 Sep 10 17:29 opencode-mobile2.log
-rw-r--r-- 1 sweet pea 197121  48135 Sep 10 17:56 opencode-mobile3.log
-rw-r--r-- 1 sweet pea 197121   7659 Sep 10 19:02 opencode-mobile6.log
-rw-r--r-- 1 sweet pea 197121   5235 Sep 10 19:22 opencode-mobile7.log
-rw-r--r-- 1 sweet pea 197121   9133 Sep 10 19:59 opencode-mobile8.log
-rw-r--r-- 1 sweet pea 197121  52698 Sep 10 12:52 opencode-p2.log
-rw-r--r-- 1 sweet pea 197121    910 Sep 10 12:58 opencode-p3a.log
-rw-r--r-- 1 sweet pea 197121  15089 Sep 10 14:23 opencode-p3b1.log
-rw-r--r-- 1 sweet pea 197121  15824 Sep 10 14:31 opencode-p3b2.log
-rw-r--r-- 1 sweet pea 197121  39685 Sep 10 14:46 opencode-p3b3.log
-rw-r--r-- 1 sweet pea 197121  21543 Sep 10 20:27 opencode-polish.log
-rw-r--r-- 1 sweet pea 197121  25257 Sep 10 21:27 opencode-polish3.log
-rw-r--r-- 1 sweet pea 197121  69783 Sep 10 22:10 opencode-polish4.log
-rw-r--r-- 1 sweet pea 197121 118633 Sep 10 14:22 p3b1-script-1.js
-rw-r--r-- 1 sweet pea 197121   9062 Sep 10 14:22 p3b1-script-2.js
drwxr-xr-x 1 sweet pea 197121      0 Sep 16 23:26 requests-integration
-rw-r--r-- 1 sweet pea 197121    255 Sep 10 12:49 routes-set-after.txt
-rw-r--r-- 1 sweet pea 197121    241 Sep 10 12:49 routes-set-before.txt
-rw-r--r-- 1 sweet pea 197121 134666 Sep 10 19:58 script1.js
-rw-r--r-- 1 sweet pea 197121   9319 Sep 10 19:58 script2.js
-rw-r--r-- 1 sweet pea 197121  13557 Sep 15 20:40 seedling-tier-task.md
-rw-r--r-- 1 sweet pea 197121   6849 Sep 10 12:51 smoke-hm.js
-rw-r--r-- 1 sweet pea 197121 121117 Sep 10 14:30 spa-block-1.js
-rw-r--r-- 1 sweet pea 197121   9062 Sep 10 14:30 spa-block-2.js
-rw-r--r-- 1 sweet pea 197121  65406 Sep 10 17:55 styles.css
-rw-r--r-- 1 sweet pea 197121  78893 Sep 10 17:55 styles.parsed.css
drwxr-xr-x 1 sweet pea 197121      0 Sep 16 21:08 updates-feed
drwxr-xr-x 1 sweet pea 197121      0 Sep 16 20:40 updates-feed-research
-rw-r--r-- 1 sweet pea 197121   2572 Sep 10 21:27 verify.js
-rw-r--r-- 1 sweet pea 197121   2136 Sep 10 19:58 verify.mjs
-rw-r--r-- 1 sweet pea 197121   6352 Sep 10 17:27 verify-mobile2.js
-rw-r--r-- 1 sweet pea 197121    745 Sep 10 21:27 verify-out.txt
-rw-r--r-- 1 sweet pea 197121   5334 Sep 10 14:45 verify-p3b3.mjs
total 686
drwxr-xr-x 1 sweet pea 197121      0 Sep 18 14:26 .
drwxr-xr-x 1 sweet pea 197121      0 Sep 18 08:42 ..
-rw-r--r-- 1 sweet pea 197121    635 Sep 18 14:24 .assetsignore
-rw-r--r-- 1 sweet pea 197121    499 Sep 18 14:28 .oc-run-navv3.log
drwxr-xr-x 1 sweet pea 197121      0 Sep 18 14:27 .oc-tmp
drwxr-xr-x 1 sweet pea 197121      0 Aug 10 21:55 .well-known
drwxr-xr-x 1 sweet pea 197121      0 Sep  9 13:00 .wrangler
-rw-r--r-- 1 sweet pea 197121   5556 Sep 16 20:00 _headers
drwxr-xr-x 1 sweet pea 197121      0 Sep  9 12:55 _partials
-rw-r--r-- 1 sweet pea 197121  13053 Sep 18 12:55 404.html
-rw-r--r-- 1 sweet pea 197121  24217 Sep 18 12:55 about.html
-rw-r--r-- 1 sweet pea 197121  15171 Aug 10 21:55 apple-touch-icon.png
drwxr-xr-x 1 sweet pea 197121      0 Sep  9 21:29 assets
-rw-r--r-- 1 sweet pea 197121   4509 Aug 10 21:55 bimi-logo.svg
-rw-r--r-- 1 sweet pea 197121  14205 Sep 18 12:55 changelog.html
-rw-r--r-- 1 sweet pea 197121  14292 Sep 18 12:55 contact.html
-rw-r--r-- 1 sweet pea 197121   2403 Sep  9 21:53 DEPLOY.md
-rw-r--r-- 1 sweet pea 197121  11888 Sep 18 12:55 error.html
-rwxr-xr-x 1 sweet pea 197121   1018 Sep 15 21:24 fetch-icons.sh
-rw-r--r-- 1 sweet pea 197121  33536 Sep 18 12:55 form.html
-rw-r--r-- 1 sweet pea 197121  16567 Aug 10 21:55 icon-192.png
-rw-r--r-- 1 sweet pea 197121  71724 Aug 10 21:55 icon-512.png
-rw-r--r-- 1 sweet pea 197121  18793 Sep 18 12:55 index.html
-rw-r--r-- 1 sweet pea 197121   6793 Aug 10 21:55 logo.svg
-rw-r--r-- 1 sweet pea 197121   1623 Aug 10 21:55 logo-favicon.svg
-rw-r--r-- 1 sweet pea 197121   1531 Aug 10 21:55 manifest.json
-rw-r--r-- 1 sweet pea 197121   1327 Aug 10 21:55 mysweetpea-auth-bg.svg
-rw-r--r-- 1 sweet pea 197121 163700 Aug 12 19:42 og-card.png
-rw-r--r-- 1 sweet pea 197121  23609 Sep 18 12:55 pricing.html
-rw-r--r-- 1 sweet pea 197121   2973 Aug 16 21:23 README.md
-rw-r--r-- 1 sweet pea 197121  21325 Sep 18 12:55 redeem.html
-rw-r--r-- 1 sweet pea 197121   1597 Aug 28 10:28 robots.txt
-rw-r--r-- 1 sweet pea 197121  42394 Sep 18 12:55 services.html
-rw-r--r-- 1 sweet pea 197121   1367 Aug 10 21:55 sitemap.xml
drwxr-xr-x 1 sweet pea 197121      0 Sep 16 19:54 src
-rw-r--r-- 1 sweet pea 197121  35743 Sep 18 12:55 status.html
-rw-r--r-- 1 sweet pea 197121  14742 Sep 18 12:55 success.html
-rw-r--r-- 1 sweet pea 197121  27758 Sep 18 12:55 suggest.html
-rw-r--r-- 1 sweet pea 197121  21473 Sep 18 12:55 support.html
-rw-r--r-- 1 sweet pea 197121   4334 Sep 18 13:04 sw.js
-rw-r--r-- 1 sweet pea 197121    443 Sep 16 19:57 wrangler.jsonc
[0m
[0m$ [0mls -la "D:\home lab\github repo\portfolio\workers\site\.oc-tmp" "D:\home lab\github repo\portfolio\.oc-tmp"
D:\home lab\github repo\portfolio\.oc-tmp:
total 1592
drwxr-xr-x 1 sweet pea 197121      0 Sep 18 14:26 .
drwxr-xr-x 1 sweet pea 197121      0 Sep 15 21:24 ..
-rw-r--r-- 1 sweet pea 197121   2274 Sep 10 17:56 added-lines-proof.txt
-rw-r--r-- 1 sweet pea 197121    391 Sep 10 12:49 api-routes-after.txt
-rw-r--r-- 1 sweet pea 197121    369 Sep 10 12:46 api-routes-before.txt
-rw-r--r-- 1 sweet pea 197121   3957 Sep 10 17:28 aurora-mobile2-verification.md
-rw-r--r-- 1 sweet pea 197121   4246 Sep 10 17:56 aurora-mobile3-verification.md
-rw-r--r-- 1 sweet pea 197121   3926 Sep 10 19:02 aurora-mobile6-verification.md
-rw-r--r-- 1 sweet pea 197121   1943 Sep 10 19:22 aurora-mobile7-verification.md
-rw-r--r-- 1 sweet pea 197121   1657 Sep 10 19:59 aurora-mobile8-verification.md
-rw-r--r-- 1 sweet pea 197121   5573 Sep 10 16:47 aurora-mobile-verification.md
-rw-r--r-- 1 sweet pea 197121   3039 Sep 10 14:23 aurora-p3b1-verification.md
-rw-r--r-- 1 sweet pea 197121   3281 Sep 10 14:30 aurora-p3b2-verification.md
-rw-r--r-- 1 sweet pea 197121   4009 Sep 10 14:46 aurora-p3b3-verification.md
-rw-r--r-- 1 sweet pea 197121   3349 Sep 10 21:27 aurora-polish3-verification.md
-rw-r--r-- 1 sweet pea 197121   4792 Sep 10 22:10 aurora-polish4-verification.md
-rw-r--r-- 1 sweet pea 197121   3970 Sep 10 20:27 aurora-polish-verification.md
-rw-r--r-- 1 sweet pea 197121   4112 Sep 10 12:52 aurora-verification.md
-rw-r--r-- 1 sweet pea 197121 144203 Sep 10 22:08 block1.js
-rw-r--r-- 1 sweet pea 197121   9317 Sep 10 22:08 block2.js
-rw-r--r-- 1 sweet pea 197121  38905 Sep 10 14:30 bundle.js
-rw-r--r-- 1 sweet pea 197121   2773 Sep 10 12:50 check-integrity.js
-rw-r--r-- 1 sweet pea 197121    874 Sep 10 20:26 extract.js
-rw-r--r-- 1 sweet pea 197121   1527 Sep 10 14:30 extract-check.js
-rw-r--r-- 1 sweet pea 197121 145321 Sep 10 12:46 index.before.html
drwxr-xr-x 1 sweet pea 197121      0 Sep 17 17:02 library-growth
-rw-r--r-- 1 sweet pea 197121 134666 Sep 10 17:27 mb2-block1.js
-rw-r--r-- 1 sweet pea 197121   9062 Sep 10 17:27 mb2-block2.js
drwxr-xr-x 1 sweet pea 197121      0 Sep 17 18:29 mobile-optimization
drwxr-xr-x 1 sweet pea 197121      0 Sep 10 11:51 mockups
drwxr-xr-x 1 sweet pea 197121      0 Sep 18 14:26 nav-v3-baseline
-rw-r--r-- 1 sweet pea 197121   6254 Sep 10 11:55 opencode-aurora.log
-rw-r--r-- 1 sweet pea 197121  24136 Sep 10 16:48 opencode-mobile.log
-rw-r--r-- 1 sweet pea 197121  38115 Sep 10 17:29 opencode-mobile2.log
-rw-r--r-- 1 sweet pea 197121  48135 Sep 10 17:56 opencode-mobile3.log
-rw-r--r-- 1 sweet pea 197121   7659 Sep 10 19:02 opencode-mobile6.log
-rw-r--r-- 1 sweet pea 197121   5235 Sep 10 19:22 opencode-mobile7.log
-rw-r--r-- 1 sweet pea 197121   9133 Sep 10 19:59 opencode-mobile8.log
-rw-r--r-- 1 sweet pea 197121  52698 Sep 10 12:52 opencode-p2.log
-rw-r--r-- 1 sweet pea 197121    910 Sep 10 12:58 opencode-p3a.log
-rw-r--r-- 1 sweet pea 197121  15089 Sep 10 14:23 opencode-p3b1.log
-rw-r--r-- 1 sweet pea 197121  15824 Sep 10 14:31 opencode-p3b2.log
-rw-r--r-- 1 sweet pea 197121  39685 Sep 10 14:46 opencode-p3b3.log
-rw-r--r-- 1 sweet pea 197121  21543 Sep 10 20:27 opencode-polish.log
-rw-r--r-- 1 sweet pea 197121  25257 Sep 10 21:27 opencode-polish3.log
-rw-r--r-- 1 sweet pea 197121  69783 Sep 10 22:10 opencode-polish4.log
-rw-r--r-- 1 sweet pea 197121 118633 Sep 10 14:22 p3b1-script-1.js
-rw-r--r-- 1 sweet pea 197121   9062 Sep 10 14:22 p3b1-script-2.js
drwxr-xr-x 1 sweet pea 197121      0 Sep 16 23:26 requests-integration
-rw-r--r-- 1 sweet pea 197121    255 Sep 10 12:49 routes-set-after.txt
-rw-r--r-- 1 sweet pea 197121    241 Sep 10 12:49 routes-set-before.txt
-rw-r--r-- 1 sweet pea 197121 134666 Sep 10 19:58 script1.js
-rw-r--r-- 1 sweet pea 197121   9319 Sep 10 19:58 script2.js
-rw-r--r-- 1 sweet pea 197121  13557 Sep 15 20:40 seedling-tier-task.md
-rw-r--r-- 1 sweet pea 197121   6849 Sep 10 12:51 smoke-hm.js
-rw-r--r-- 1 sweet pea 197121 121117 Sep 10 14:30 spa-block-1.js
-rw-r--r-- 1 sweet pea 197121   9062 Sep 10 14:30 spa-block-2.js
-rw-r--r-- 1 sweet pea 197121  65406 Sep 10 17:55 styles.css
-rw-r--r-- 1 sweet pea 197121  78893 Sep 10 17:55 styles.parsed.css
drwxr-xr-x 1 sweet pea 197121      0 Sep 16 21:08 updates-feed
drwxr-xr-x 1 sweet pea 197121      0 Sep 16 20:40 updates-feed-research
-rw-r--r-- 1 sweet pea 197121   2572 Sep 10 21:27 verify.js
-rw-r--r-- 1 sweet pea 197121   2136 Sep 10 19:58 verify.mjs
-rw-r--r-- 1 sweet pea 197121   6352 Sep 10 17:27 verify-mobile2.js
-rw-r--r-- 1 sweet pea 197121    745 Sep 10 21:27 verify-out.txt
-rw-r--r-- 1 sweet pea 197121   5334 Sep 10 14:45 verify-p3b3.mjs

D:\home lab\github repo\portfolio\workers\site\.oc-tmp:
total 112
drwxr-xr-x 1 sweet pea 197121     0 Sep 18 14:27 .
drwxr-xr-x 1 sweet pea 197121     0 Sep 18 14:26 ..
-rw-r--r-- 1 sweet pea 197121 91411 Sep 18 14:28 nav-options.html
-rw-r--r-- 1 sweet pea 197121 10154 Sep 18 14:27 TASK-NAV-V3.md
[0m
Found them in `workers/site/.oc-tmp/`. Reading both now.
[0m→ [0mRead .oc-tmp/TASK-NAV-V3.md
Now the design reference — it's 91KB, so let me locate Concept 4 within it first.
[0m✱ [0mGrep "Concept|concept|hybrid"[90m in .oc-tmp/nav-options.html · 12 matches[0m
[0m→ [0mRead .oc-tmp/nav-options.html[90m [offset=1, limit=300][0m
[0m→ [0mRead .oc-tmp/nav-options.html[90m [offset=380, limit=80][0m
Now let me examine the current site files — one page's nav block, the site.js nav logic, and the relevant CSS.
[0m✱ [0mGrep "top-nav|nav-toggle|nav-links|nav-scrolled"[90m in assets/js/site.js · 4 matches[0m
[0m✱ [0mGrep "top-nav|nav-account|nav-toggle|nav-links"[90m in index.html · 100 matches[0m
[0m→ [0mRead index.html[90m [limit=50, offset=56][0m
[0m→ [0mRead assets/js/site.js[90m [limit=160, offset=30][0m
Now let me look at the CSS — premium.css section 11 and its end, plus site.css nav blocks.
[0m→ [0mRead assets/css/premium.css[90m [limit=120, offset=330][0m
[0m
[0m$ [0mwc -l "D:\home lab\github repo\portfolio\workers\site\assets\css\premium.css" "D:\home lab\github repo\portfolio\workers\site\assets\css\site.css" "D:\home lab\github repo\portfolio\workers\site\assets\js\site.js"
545 D:\home lab\github repo\portfolio\workers\site\assets\css\premium.css
  7889 D:\home lab\github repo\portfolio\workers\site\assets\css\site.css
   989 D:\home lab\github repo\portfolio\workers\site\assets\js\site.js
  9423 total
[0m
[0m→ [0mRead assets/css/premium.css[90m [limit=100, offset=446][0m
Now the site.css nav sections:
[0m✱ [0mGrep "^\.top-nav|^nav\.top-nav|\.nav-links|\.nav-toggle|\.nav-actions|\.nav-cta \{|\.nav-search|\.theme-toggle|=== .*[Nn]av"[90m in assets/css/site.css · 97 matches[0m
[0m→ [0mRead assets/css/site.css[90m [limit=65, offset=1993][0m
[0m→ [0mRead assets/css/site.css[90m [limit=50, offset=120][0m
[0m→ [0mRead assets/css/site.css[90m [limit=90, offset=4262][0m
[0m→ [0mRead assets/css/site.css[90m [limit=85, offset=7805][0m
[0m→ [0mRead assets/css/site.css[90m [limit=18, offset=4248][0m
[0m→ [0mRead assets/css/site.css[90m [limit=30, offset=5866][0m
[0m→ [0mRead assets/css/site.css[90m [limit=14, offset=3456][0m
[0m→ [0mRead assets/css/site.css[90m [limit=12, offset=232][0m
I have the full picture of the CSS. Now let me check how pages mark the current nav item, fonts, and search/theme handlers:
[0m
[0m$ [0mcd "D:\home lab\github repo\portfolio\workers\site" && grep -l "Fraunces" index.html assets/css/site.css | head -5 && grep -o 'fonts.googleapis[^"]*' index.html | head -3 && grep -rn "nav-search" assets/js/*.js | head -10
assets/css/site.css
assets/js/site.js:539:    document.querySelectorAll('.nav-search').forEach(function (btn) {
[0m
[0m$ [0mcd "D:\home lab\github repo\portfolio\workers\site" && for f in 404 about changelog contact error form index pricing redeem services status success suggest support; do echo "== $f: $(grep -o 'aria-current="page"' $f.html | wc -l) aria-current, $(grep -c 'class="nav-btn' $f.html) nav-btn lines"; done
== 404: 1 aria-current, 6 nav-btn lines
== about: 1 aria-current, 6 nav-btn lines
== changelog: 0 aria-current, 6 nav-btn lines
== contact: 0 aria-current, 6 nav-btn lines
== error: 1 aria-current, 6 nav-btn lines
== form: 0 aria-current, 6 nav-btn lines
== index: 1 aria-current, 6 nav-btn lines
== pricing: 1 aria-current, 6 nav-btn lines
== redeem: 1 aria-current, 6 nav-btn lines
== services: 1 aria-current, 6 nav-btn lines
== status: 1 aria-current, 6 nav-btn lines
== success: 1 aria-current, 6 nav-btn lines
== suggest: 0 aria-current, 6 nav-btn lines
== support: 0 aria-current, 6 nav-btn lines
[0m
[0m→ [0mRead assets/js/site.js[90m [limit=45, offset=530][0m
[0m
[0m$ [0mcd "D:\home lab\github repo\portfolio\workers\site" && grep -n 'aria-current="page"' services.html about.html status.html pricing.html redeem.html success.html 404.html error.html | sed 's/<div class="nav-account".*//' 
services.html:74:        <a href="/services.html" class="nav-btn" aria-current="page">Services</a>
about.html:77:        <a href="/about.html" class="nav-btn" aria-current="page">About</a>
status.html:76:        <a href="/status.html" class="nav-btn" aria-current="page">Status</a>
pricing.html:75:        <a href="/pricing.html" class="nav-btn" aria-current="page">How It Works</a>
redeem.html:79:        <a href="/redeem.html" class="nav-btn nav-code" aria-current="page">I Have a Code</a>
success.html:90:        <nav class="breadcrumbs" aria-label="Breadcrumb"><a href="/index.html">Home</a><span aria-current="page">Request Received</span></nav>
404.html:84:        <nav class="breadcrumbs" aria-label="Breadcrumb"><a href="/index.html">Home</a><span aria-current="page">Page Not Found</span></nav>
error.html:90:        <nav class="breadcrumbs" aria-label="Breadcrumb"><a href="/index.html">Home</a><span aria-current="page">Error</span></nav>
[0m
[0m$ [0mcd "D:\home lab\github repo\portfolio\workers\site" && grep -n "theme-toggle" assets/js/site.js | head -5 && grep -n "Fraunces" assets/css/site.css | head -5 && grep -rn "Fraunces" assets/css/premium.css | head -3 && tail -20 assets/js/site.js
350:    document.querySelectorAll('.theme-toggle').forEach(function (btn) {
771:    document.querySelectorAll('.theme-toggle').forEach(function (btn) {
2114:    font-family: 'Fraunces', 'Inter', Georgia, serif;
4721:.access-choice-title { font-family: 'Fraunces', serif; font-size: 1.45rem; font-weight: 600; color: var(--primary-bright); }
5362:.sp-title { font-family: 'Fraunces', serif; font-size: 1.6rem; letter-spacing: -0.01em; margin: 0 0 10px; color: var(--primary-bright); }
5402:.mystery-title { font-family: 'Fraunces', serif; font-size: 1.35rem; margin: 0 0 10px; color: var(--primary-bright); }
5778:    font-family: 'Fraunces', Georgia, serif;
2:   Premium Pack (2026-08) — Fraunces headings, hero proof row, rippling
6:/* === 1. Fraunces editorial headings === */
8:    font-family: 'Fraunces', 'Inter', Georgia, serif;

    function show(value) {
        tabs.forEach(function (t) {
            t.classList.toggle('active', t.getAttribute('data-value') === value);
        });
        cards.forEach(function (c) {
            c.classList.toggle('show', c.getAttribute('data-value') === value);
        });
    }

    tabs.forEach(function (tab) {
        tab.addEventListener('click', function () {
            show(tab.getAttribute('data-value'));
        });
    });

    // Show the first value's cards by default
    var initial = tabs[0].getAttribute('data-value');
    show(initial);
})();
[0m
[0m$ [0mcd "D:\home lab\github repo\portfolio\workers\site" && grep -n "@font-face" assets/css/site.css assets/css/premium.css | head && grep -n "fonts" index.html | head -5
47:    <link rel="preload" as="font" type="font/woff2" href="/assets/fonts/inter-var.woff2" crossorigin>
48:    <link rel="preload" as="font" type="font/woff2" href="/assets/fonts/fraunces-var.woff2" crossorigin>
49:                    <link rel="stylesheet" href="/assets/css/fonts.css?v=35">
[0m
Let me check how pages reference site.js/premium.css (cache busting) and confirm nav-actions markup:
[0m$ [0mcd "D:\home lab\github repo\portfolio\workers\site" && grep -n "site.js\|premium.css" index.html | head -5 && grep -c "site.js" *.html | head -20
13:      Previously site.js (defer) added it AFTER first paint, which faded visible
51:    <link rel="stylesheet" href="/assets/css/premium.css?v=35">
196:    <script src="/assets/js/site.js?v=35" defer></script>
404.html:2
about.html:2
changelog.html:2
contact.html:2
error.html:2
form.html:2
index.html:2
pricing.html:2
redeem.html:2
services.html:2
status.html:2
success.html:2
suggest.html:2
support.html:2
[0m
[0m→ [0mRead _headers
The `_headers` confirms CSS/JS are must-revalidate+ETag, so no `?v=` bump needed (and no head edits required). Let me check the pre-existing `nav-v3-baseline` dir and run log — a previous attempt may exist:
[0m
[0m$ [0mcd "D:\home lab\github repo\portfolio\workers\site" && ls -la .oc-tmp/nav-v3-baseline/ && cat .oc-run-navv3.log && git status --short -- workers/site | head -20 && git stash list | head -5
ls: cannot access '.oc-tmp/nav-v3-baseline/': No such file or directory
[0m
[0m$ [0mls -la "D:\home lab\github repo\portfolio\.oc-tmp\nav-v3-baseline" 2>/dev/null; cat "D:\home lab\github repo\portfolio\workers\site\.oc-run-navv3.log"; cd "D:\home lab\github repo\portfolio" && git status --short | head -20 && git log --oneline -3
total 416
drwxr-xr-x 1 sweet pea 197121     0 Sep 18 14:26 .
drwxr-xr-x 1 sweet pea 197121     0 Sep 18 14:26 ..
-rw-r--r-- 1 sweet pea 197121 13053 Sep 18 14:26 404.html
-rw-r--r-- 1 sweet pea 197121 24217 Sep 18 14:26 about.html
-rw-r--r-- 1 sweet pea 197121 14205 Sep 18 14:26 changelog.html
-rw-r--r-- 1 sweet pea 197121 14292 Sep 18 14:26 contact.html
-rw-r--r-- 1 sweet pea 197121 11888 Sep 18 14:26 error.html
-rw-r--r-- 1 sweet pea 197121 33536 Sep 18 14:26 form.html
-rw-r--r-- 1 sweet pea 197121 18793 Sep 18 14:26 index.html
-rw-r--r-- 1 sweet pea 197121 20868 Sep 18 14:26 premium.css
-rw-r--r-- 1 sweet pea 197121 23609 Sep 18 14:26 pricing.html
-rw-r--r-- 1 sweet pea 197121 21325 Sep 18 14:26 redeem.html
-rw-r--r-- 1 sweet pea 197121 42394 Sep 18 14:26 services.html
-rw-r--r-- 1 sweet pea 197121 41943 Sep 18 14:26 site.js
-rw-r--r-- 1 sweet pea 197121 35743 Sep 18 14:26 status.html
-rw-r--r-- 1 sweet pea 197121 14742 Sep 18 14:26 success.html
-rw-r--r-- 1 sweet pea 197121 27758 Sep 18 14:26 suggest.html
-rw-r--r-- 1 sweet pea 197121 21473 Sep 18 14:26 support.html
[0m
> build · glm-5.3-flash
[0m
[0m✗ [0mRead D:/home lab/github repo/portfolio/.oc-tmp/TASK-NAV-V3.md failed
[91m[1mError: [0mFile not found: D:\home lab\github repo\portfolio\.oc-tmp\TASK-NAV-V3.md
[0m✗ [0mRead D:/home lab/github repo/portfolio/.oc-tmp/nav-options.html failed
[91m[1mError: [0mFile not found: D:\home lab\github repo\portfolio\.oc-tmp\nav-options.html
[0m✱ [0mGlob "**/TASK-NAV*"[90m 0 matches[0m
[0m✱ [0mGlob "**/.oc-tmp/**"[90m 0 matches[0m
[0m
[0m$ [0mls -la "D:\home lab\github repo\portfolio" && ls -la "D:\home lab\github repo\portfolio\.oc-tmp" 2>/dev/null || echo "--- no .oc-tmp dir at repo root ---" && ls -la "D:\home lab\github repo\portfolio\workers\site"
total 45
drwxr-xr-x 1 sweet pea 197121    0 Sep 15 21:24 .
drwxr-xr-x 1 sweet pea 197121    0 Aug 20 13:31 ..
drwxr-xr-x 1 sweet pea 197121    0 Sep 18 14:27 .git
-rw-r--r-- 1 sweet pea 197121 1429 Sep 16 20:11 .gitattributes
-rw-r--r-- 1 sweet pea 197121  169 Sep 15 11:47 .gitignore
drwxr-xr-x 1 sweet pea 197121    0 Sep 18 14:26 .oc-tmp
-rw-r--r-- 1 sweet pea 197121 6069 Sep 10 21:58 .opencode-task.md
drwxr-xr-x 1 sweet pea 197121    0 Sep 13 20:02 .wrangler
-rw-r--r-- 1 sweet pea 197121 2850 Sep  9 12:58 AGENTS.md
drwxr-xr-x 1 sweet pea 197121    0 Aug 16 21:36 docs
-rw-r--r-- 1 sweet pea 197121 9333 Sep  9 12:58 README.md
drwxr-xr-x 1 sweet pea 197121    0 Sep 18 08:42 workers
total 1592
drwxr-xr-x 1 sweet pea 197121      0 Sep 18 14:26 .
drwxr-xr-x 1 sweet pea 197121      0 Sep 15 21:24 ..
-rw-r--r-- 1 sweet pea 197121   2274 Sep 10 17:56 added-lines-proof.txt
-rw-r--r-- 1 sweet pea 197121    391 Sep 10 12:49 api-routes-after.txt
-rw-r--r-- 1 sweet pea 197121    369 Sep 10 12:46 api-routes-before.txt
-rw-r--r-- 1 sweet pea 197121   3957 Sep 10 17:28 aurora-mobile2-verification.md
-rw-r--r-- 1 sweet pea 197121   4246 Sep 10 17:56 aurora-mobile3-verification.md
-rw-r--r-- 1 sweet pea 197121   3926 Sep 10 19:02 aurora-mobile6-verification.md
-rw-r--r-- 1 sweet pea 197121   1943 Sep 10 19:22 aurora-mobile7-verification.md
-rw-r--r-- 1 sweet pea 197121   1657 Sep 10 19:59 aurora-mobile8-verification.md
-rw-r--r-- 1 sweet pea 197121   5573 Sep 10 16:47 aurora-mobile-verification.md
-rw-r--r-- 1 sweet pea 197121   3039 Sep 10 14:23 aurora-p3b1-verification.md
-rw-r--r-- 1 sweet pea 197121   3281 Sep 10 14:30 aurora-p3b2-verification.md
-rw-r--r-- 1 sweet pea 197121   4009 Sep 10 14:46 aurora-p3b3-verification.md
-rw-r--r-- 1 sweet pea 197121   3349 Sep 10 21:27 aurora-polish3-verification.md
-rw-r--r-- 1 sweet pea 197121   4792 Sep 10 22:10 aurora-polish4-verification.md
-rw-r--r-- 1 sweet pea 197121   3970 Sep 10 20:27 aurora-polish-verification.md
-rw-r--r-- 1 sweet pea 197121   4112 Sep 10 12:52 aurora-verification.md
-rw-r--r-- 1 sweet pea 197121 144203 Sep 10 22:08 block1.js
-rw-r--r-- 1 sweet pea 197121   9317 Sep 10 22:08 block2.js
-rw-r--r-- 1 sweet pea 197121  38905 Sep 10 14:30 bundle.js
-rw-r--r-- 1 sweet pea 197121   2773 Sep 10 12:50 check-integrity.js
-rw-r--r-- 1 sweet pea 197121    874 Sep 10 20:26 extract.js
-rw-r--r-- 1 sweet pea 197121   1527 Sep 10 14:30 extract-check.js
-rw-r--r-- 1 sweet pea 197121 145321 Sep 10 12:46 index.before.html
drwxr-xr-x 1 sweet pea 197121      0 Sep 17 17:02 library-growth
-rw-r--r-- 1 sweet pea 197121 134666 Sep 10 17:27 mb2-block1.js
-rw-r--r-- 1 sweet pea 197121   9062 Sep 10 17:27 mb2-block2.js
drwxr-xr-x 1 sweet pea 197121      0 Sep 17 18:29 mobile-optimization
drwxr-xr-x 1 sweet pea 197121      0 Sep 10 11:51 mockups
drwxr-xr-x 1 sweet pea 197121      0 Sep 18 14:26 nav-v3-baseline
-rw-r--r-- 1 sweet pea 197121   6254 Sep 10 11:55 opencode-aurora.log
-rw-r--r-- 1 sweet pea 197121  24136 Sep 10 16:48 opencode-mobile.log
-rw-r--r-- 1 sweet pea 197121  38115 Sep 10 17:29 opencode-mobile2.log
-rw-r--r-- 1 sweet pea 197121  48135 Sep 10 17:56 opencode-mobile3.log
-rw-r--r-- 1 sweet pea 197121   7659 Sep 10 19:02 opencode-mobile6.log
-rw-r--r-- 1 sweet pea 197121   5235 Sep 10 19:22 opencode-mobile7.log
-rw-r--r-- 1 sweet pea 197121   9133 Sep 10 19:59 opencode-mobile8.log
-rw-r--r-- 1 sweet pea 197121  52698 Sep 10 12:52 opencode-p2.log
-rw-r--r-- 1 sweet pea 197121    910 Sep 10 12:58 opencode-p3a.log
-rw-r--r-- 1 sweet pea 197121  15089 Sep 10 14:23 opencode-p3b1.log
-rw-r--r-- 1 sweet pea 197121  15824 Sep 10 14:31 opencode-p3b2.log
-rw-r--r-- 1 sweet pea 197121  39685 Sep 10 14:46 opencode-p3b3.log
-rw-r--r-- 1 sweet pea 197121  21543 Sep 10 20:27 opencode-polish.log
-rw-r--r-- 1 sweet pea 197121  25257 Sep 10 21:27 opencode-polish3.log
-rw-r--r-- 1 sweet pea 197121  69783 Sep 10 22:10 opencode-polish4.log
-rw-r--r-- 1 sweet pea 197121 118633 Sep 10 14:22 p3b1-script-1.js
-rw-r--r-- 1 sweet pea 197121   9062 Sep 10 14:22 p3b1-script-2.js
drwxr-xr-x 1 sweet pea 197121      0 Sep 16 23:26 requests-integration
-rw-r--r-- 1 sweet pea 197121    255 Sep 10 12:49 routes-set-after.txt
-rw-r--r-- 1 sweet pea 197121    241 Sep 10 12:49 routes-set-before.txt
-rw-r--r-- 1 sweet pea 197121 134666 Sep 10 19:58 script1.js
-rw-r--r-- 1 sweet pea 197121   9319 Sep 10 19:58 script2.js
-rw-r--r-- 1 sweet pea 197121  13557 Sep 15 20:40 seedling-tier-task.md
-rw-r--r-- 1 sweet pea 197121   6849 Sep 10 12:51 smoke-hm.js
-rw-r--r-- 1 sweet pea 197121 121117 Sep 10 14:30 spa-block-1.js
-rw-r--r-- 1 sweet pea 197121   9062 Sep 10 14:30 spa-block-2.js
-rw-r--r-- 1 sweet pea 197121  65406 Sep 10 17:55 styles.css
-rw-r--r-- 1 sweet pea 197121  78893 Sep 10 17:55 styles.parsed.css
drwxr-xr-x 1 sweet pea 197121      0 Sep 16 21:08 updates-feed
drwxr-xr-x 1 sweet pea 197121      0 Sep 16 20:40 updates-feed-research
-rw-r--r-- 1 sweet pea 197121   2572 Sep 10 21:27 verify.js
-rw-r--r-- 1 sweet pea 197121   2136 Sep 10 19:58 verify.mjs
-rw-r--r-- 1 sweet pea 197121   6352 Sep 10 17:27 verify-mobile2.js
-rw-r--r-- 1 sweet pea 197121    745 Sep 10 21:27 verify-out.txt
-rw-r--r-- 1 sweet pea 197121   5334 Sep 10 14:45 verify-p3b3.mjs
total 686
drwxr-xr-x 1 sweet pea 197121      0 Sep 18 14:26 .
drwxr-xr-x 1 sweet pea 197121      0 Sep 18 08:42 ..
-rw-r--r-- 1 sweet pea 197121    635 Sep 18 14:24 .assetsignore
-rw-r--r-- 1 sweet pea 197121    499 Sep 18 14:28 .oc-run-navv3.log
drwxr-xr-x 1 sweet pea 197121      0 Sep 18 14:27 .oc-tmp
drwxr-xr-x 1 sweet pea 197121      0 Aug 10 21:55 .well-known
drwxr-xr-x 1 sweet pea 197121      0 Sep  9 13:00 .wrangler
-rw-r--r-- 1 sweet pea 197121   5556 Sep 16 20:00 _headers
drwxr-xr-x 1 sweet pea 197121      0 Sep  9 12:55 _partials
-rw-r--r-- 1 sweet pea 197121  13053 Sep 18 12:55 404.html
-rw-r--r-- 1 sweet pea 197121  24217 Sep 18 12:55 about.html
-rw-r--r-- 1 sweet pea 197121  15171 Aug 10 21:55 apple-touch-icon.png
drwxr-xr-x 1 sweet pea 197121      0 Sep  9 21:29 assets
-rw-r--r-- 1 sweet pea 197121   4509 Aug 10 21:55 bimi-logo.svg
-rw-r--r-- 1 sweet pea 197121  14205 Sep 18 12:55 changelog.html
-rw-r--r-- 1 sweet pea 197121  14292 Sep 18 12:55 contact.html
-rw-r--r-- 1 sweet pea 197121   2403 Sep  9 21:53 DEPLOY.md
-rw-r--r-- 1 sweet pea 197121  11888 Sep 18 12:55 error.html
-rwxr-xr-x 1 sweet pea 197121   1018 Sep 15 21:24 fetch-icons.sh
-rw-r--r-- 1 sweet pea 197121  33536 Sep 18 12:55 form.html
-rw-r--r-- 1 sweet pea 197121  16567 Aug 10 21:55 icon-192.png
-rw-r--r-- 1 sweet pea 197121  71724 Aug 10 21:55 icon-512.png
-rw-r--r-- 1 sweet pea 197121  18793 Sep 18 12:55 index.html
-rw-r--r-- 1 sweet pea 197121   6793 Aug 10 21:55 logo.svg
-rw-r--r-- 1 sweet pea 197121   1623 Aug 10 21:55 logo-favicon.svg
-rw-r--r-- 1 sweet pea 197121   1531 Aug 10 21:55 manifest.json
-rw-r--r-- 1 sweet pea 197121   1327 Aug 10 21:55 mysweetpea-auth-bg.svg
-rw-r--r-- 1 sweet pea 197121 163700 Aug 12 19:42 og-card.png
-rw-r--r-- 1 sweet pea 197121  23609 Sep 18 12:55 pricing.html
-rw-r--r-- 1 sweet pea 197121   2973 Aug 16 21:23 README.md
-rw-r--r-- 1 sweet pea 197121  21325 Sep 18 12:55 redeem.html
-rw-r--r-- 1 sweet pea 197121   1597 Aug 28 10:28 robots.txt
-rw-r--r-- 1 sweet pea 197121  42394 Sep 18 12:55 services.html
-rw-r--r-- 1 sweet pea 197121   1367 Aug 10 21:55 sitemap.xml
drwxr-xr-x 1 sweet pea 197121      0 Sep 16 19:54 src
-rw-r--r-- 1 sweet pea 197121  35743 Sep 18 12:55 status.html
-rw-r--r-- 1 sweet pea 197121  14742 Sep 18 12:55 success.html
-rw-r--r-- 1 sweet pea 197121  27758 Sep 18 12:55 suggest.html
-rw-r--r-- 1 sweet pea 197121  21473 Sep 18 12:55 support.html
-rw-r--r-- 1 sweet pea 197121   4334 Sep 18 13:04 sw.js
-rw-r--r-- 1 sweet pea 197121    443 Sep 16 19:57 wrangler.jsonc
[0m
[0m$ [0mls -la "D:\home lab\github repo\portfolio\workers\site\.oc-tmp" "D:\home lab\github repo\portfolio\.oc-tmp"
D:\home lab\github repo\portfolio\.oc-tmp:
total 1592
drwxr-xr-x 1 sweet pea 197121      0 Sep 18 14:26 .
drwxr-xr-x 1 sweet pea 197121      0 Sep 15 21:24 ..
-rw-r--r-- 1 sweet pea 197121   2274 Sep 10 17:56 added-lines-proof.txt
-rw-r--r-- 1 sweet pea 197121    391 Sep 10 12:49 api-routes-after.txt
-rw-r--r-- 1 sweet pea 197121    369 Sep 10 12:46 api-routes-before.txt
-rw-r--r-- 1 sweet pea 197121   3957 Sep 10 17:28 aurora-mobile2-verification.md
-rw-r--r-- 1 sweet pea 197121   4246 Sep 10 17:56 aurora-mobile3-verification.md
-rw-r--r-- 1 sweet pea 197121   3926 Sep 10 19:02 aurora-mobile6-verification.md
-rw-r--r-- 1 sweet pea 197121   1943 Sep 10 19:22 aurora-mobile7-verification.md
-rw-r--r-- 1 sweet pea 197121   1657 Sep 10 19:59 aurora-mobile8-verification.md
-rw-r--r-- 1 sweet pea 197121   5573 Sep 10 16:47 aurora-mobile-verification.md
-rw-r--r-- 1 sweet pea 197121   3039 Sep 10 14:23 aurora-p3b1-verification.md
-rw-r--r-- 1 sweet pea 197121   3281 Sep 10 14:30 aurora-p3b2-verification.md
-rw-r--r-- 1 sweet pea 197121   4009 Sep 10 14:46 aurora-p3b3-verification.md
-rw-r--r-- 1 sweet pea 197121   3349 Sep 10 21:27 aurora-polish3-verification.md
-rw-r--r-- 1 sweet pea 197121   4792 Sep 10 22:10 aurora-polish4-verification.md
-rw-r--r-- 1 sweet pea 197121   3970 Sep 10 20:27 aurora-polish-verification.md
-rw-r--r-- 1 sweet pea 197121   4112 Sep 10 12:52 aurora-verification.md
-rw-r--r-- 1 sweet pea 197121 144203 Sep 10 22:08 block1.js
-rw-r--r-- 1 sweet pea 197121   9317 Sep 10 22:08 block2.js
-rw-r--r-- 1 sweet pea 197121  38905 Sep 10 14:30 bundle.js
-rw-r--r-- 1 sweet pea 197121   2773 Sep 10 12:50 check-integrity.js
-rw-r--r-- 1 sweet pea 197121    874 Sep 10 20:26 extract.js
-rw-r--r-- 1 sweet pea 197121   1527 Sep 10 14:30 extract-check.js
-rw-r--r-- 1 sweet pea 197121 145321 Sep 10 12:46 index.before.html
drwxr-xr-x 1 sweet pea 197121      0 Sep 17 17:02 library-growth
-rw-r--r-- 1 sweet pea 197121 134666 Sep 10 17:27 mb2-block1.js
-rw-r--r-- 1 sweet pea 197121   9062 Sep 10 17:27 mb2-block2.js
drwxr-xr-x 1 sweet pea 197121      0 Sep 17 18:29 mobile-optimization
drwxr-xr-x 1 sweet pea 197121      0 Sep 10 11:51 mockups
drwxr-xr-x 1 sweet pea 197121      0 Sep 18 14:26 nav-v3-baseline
-rw-r--r-- 1 sweet pea 197121   6254 Sep 10 11:55 opencode-aurora.log
-rw-r--r-- 1 sweet pea 197121  24136 Sep 10 16:48 opencode-mobile.log
-rw-r--r-- 1 sweet pea 197121  38115 Sep 10 17:29 opencode-mobile2.log
-rw-r--r-- 1 sweet pea 197121  48135 Sep 10 17:56 opencode-mobile3.log
-rw-r--r-- 1 sweet pea 197121   7659 Sep 10 19:02 opencode-mobile6.log
-rw-r--r-- 1 sweet pea 197121   5235 Sep 10 19:22 opencode-mobile7.log
-rw-r--r-- 1 sweet pea 197121   9133 Sep 10 19:59 opencode-mobile8.log
-rw-r--r-- 1 sweet pea 197121  52698 Sep 10 12:52 opencode-p2.log
-rw-r--r-- 1 sweet pea 197121    910 Sep 10 12:58 opencode-p3a.log
-rw-r--r-- 1 sweet pea 197121  15089 Sep 10 14:23 opencode-p3b1.log
-rw-r--r-- 1 sweet pea 197121  15824 Sep 10 14:31 opencode-p3b2.log
-rw-r--r-- 1 sweet pea 197121  39685 Sep 10 14:46 opencode-p3b3.log
-rw-r--r-- 1 sweet pea 197121  21543 Sep 10 20:27 opencode-polish.log
-rw-r--r-- 1 sweet pea 197121  25257 Sep 10 21:27 opencode-polish3.log
-rw-r--r-- 1 sweet pea 197121  69783 Sep 10 22:10 opencode-polish4.log
-rw-r--r-- 1 sweet pea 197121 118633 Sep 10 14:22 p3b1-script-1.js
-rw-r--r-- 1 sweet pea 197121   9062 Sep 10 14:22 p3b1-script-2.js
drwxr-xr-x 1 sweet pea 197121      0 Sep 16 23:26 requests-integration
-rw-r--r-- 1 sweet pea 197121    255 Sep 10 12:49 routes-set-after.txt
-rw-r--r-- 1 sweet pea 197121    241 Sep 10 12:49 routes-set-before.txt
-rw-r--r-- 1 sweet pea 197121 134666 Sep 10 19:58 script1.js
-rw-r--r-- 1 sweet pea 197121   9319 Sep 10 19:58 script2.js
-rw-r--r-- 1 sweet pea 197121  13557 Sep 15 20:40 seedling-tier-task.md
-rw-r--r-- 1 sweet pea 197121   6849 Sep 10 12:51 smoke-hm.js
-rw-r--r-- 1 sweet pea 197121 121117 Sep 10 14:30 spa-block-1.js
-rw-r--r-- 1 sweet pea 197121   9062 Sep 10 14:30 spa-block-2.js
-rw-r--r-- 1 sweet pea 197121  65406 Sep 10 17:55 styles.css
-rw-r--r-- 1 sweet pea 197121  78893 Sep 10 17:55 styles.parsed.css
drwxr-xr-x 1 sweet pea 197121      0 Sep 16 21:08 updates-feed
drwxr-xr-x 1 sweet pea 197121      0 Sep 16 20:40 updates-feed-research
-rw-r--r-- 1 sweet pea 197121   2572 Sep 10 21:27 verify.js
-rw-r--r-- 1 sweet pea 197121   2136 Sep 10 19:58 verify.mjs
-rw-r--r-- 1 sweet pea 197121   6352 Sep 10 17:27 verify-mobile2.js
-rw-r--r-- 1 sweet pea 197121    745 Sep 10 21:27 verify-out.txt
-rw-r--r-- 1 sweet pea 197121   5334 Sep 10 14:45 verify-p3b3.mjs

D:\home lab\github repo\portfolio\workers\site\.oc-tmp:
total 112
drwxr-xr-x 1 sweet pea 197121     0 Sep 18 14:27 .
drwxr-xr-x 1 sweet pea 197121     0 Sep 18 14:26 ..
-rw-r--r-- 1 sweet pea 197121 91411 Sep 18 14:28 nav-options.html
-rw-r--r-- 1 sweet pea 197121 10154 Sep 18 14:27 TASK-NAV-V3.md
[0m
Found them in `workers/site/.oc-tmp/`. Reading both now.
[0m→ [0mRead .oc-tmp/TASK-NAV-V3.md
Now the design reference — it's 91KB, so let me locate Concept 4 within it first.
[0m✱ [0mGrep "Concept|concept|hybrid"[90m in .oc-tmp/nav-options.html · 12 matches[0m
[0m→ [0mRead .oc-tmp/nav-options.html[90m [offset=1, limit=300][0m
[0m→ [0mRead .oc-tmp/nav-options.html[90m [offset=380, limit=80][0m
Now let me examine the current site files — one page's nav block, the site.js nav logic, and the relevant CSS.
[0m✱ [0mGrep "top-nav|nav-toggle|nav-links|nav-scrolled"[90m in assets/js/site.js · 4 matches[0m
[0m✱ [0mGrep "top-nav|nav-account|nav-toggle|nav-links"[90m in index.html · 100 matches[0m
[0m→ [0mRead index.html[90m [limit=50, offset=56][0m
[0m→ [0mRead assets/js/site.js[90m [limit=160, offset=30][0m
Now let me look at the CSS — premium.css section 11 and its end, plus site.css nav blocks.
[0m→ [0mRead assets/css/premium.css[90m [limit=120, offset=330][0m
[0m
[0m$ [0mwc -l "D:\home lab\github repo\portfolio\workers\site\assets\css\premium.css" "D:\home lab\github repo\portfolio\workers\site\assets\css\site.css" "D:\home lab\github repo\portfolio\workers\site\assets\js\site.js"
545 D:\home lab\github repo\portfolio\workers\site\assets\css\premium.css
  7889 D:\home lab\github repo\portfolio\workers\site\assets\css\site.css
   989 D:\home lab\github repo\portfolio\workers\site\assets\js\site.js
  9423 total
[0m
[0m→ [0mRead assets/css/premium.css[90m [limit=100, offset=446][0m
Now the site.css nav sections:
[0m✱ [0mGrep "^\.top-nav|^nav\.top-nav|\.nav-links|\.nav-toggle|\.nav-actions|\.nav-cta \{|\.nav-search|\.theme-toggle|=== .*[Nn]av"[90m in assets/css/site.css · 97 matches[0m
[0m→ [0mRead assets/css/site.css[90m [limit=65, offset=1993][0m
[0m→ [0mRead assets/css/site.css[90m [limit=50, offset=120][0m
[0m→ [0mRead assets/css/site.css[90m [limit=90, offset=4262][0m
[0m→ [0mRead assets/css/site.css[90m [limit=85, offset=7805][0m
[0m→ [0mRead assets/css/site.css[90m [limit=18, offset=4248][0m
[0m→ [0mRead assets/css/site.css[90m [limit=30, offset=5866][0m
[0m→ [0mRead assets/css/site.css[90m [limit=14, offset=3456][0m
[0m→ [0mRead assets/css/site.css[90m [limit=12, offset=232][0m
I have the full picture of the CSS. Now let me check how pages mark the current nav item, fonts, and search/theme handlers:
[0m
[0m$ [0mcd "D:\home lab\github repo\portfolio\workers\site" && grep -l "Fraunces" index.html assets/css/site.css | head -5 && grep -o 'fonts.googleapis[^"]*' index.html | head -3 && grep -rn "nav-search" assets/js/*.js | head -10
assets/css/site.css
assets/js/site.js:539:    document.querySelectorAll('.nav-search').forEach(function (btn) {
[0m
[0m$ [0mcd "D:\home lab\github repo\portfolio\workers\site" && for f in 404 about changelog contact error form index pricing redeem services status success suggest support; do echo "== $f: $(grep -o 'aria-current="page"' $f.html | wc -l) aria-current, $(grep -c 'class="nav-btn' $f.html) nav-btn lines"; done
== 404: 1 aria-current, 6 nav-btn lines
== about: 1 aria-current, 6 nav-btn lines
== changelog: 0 aria-current, 6 nav-btn lines
== contact: 0 aria-current, 6 nav-btn lines
== error: 1 aria-current, 6 nav-btn lines
== form: 0 aria-current, 6 nav-btn lines
== index: 1 aria-current, 6 nav-btn lines
== pricing: 1 aria-current, 6 nav-btn lines
== redeem: 1 aria-current, 6 nav-btn lines
== services: 1 aria-current, 6 nav-btn lines
== status: 1 aria-current, 6 nav-btn lines
== success: 1 aria-current, 6 nav-btn lines
== suggest: 0 aria-current, 6 nav-btn lines
== support: 0 aria-current, 6 nav-btn lines
[0m
[0m→ [0mRead assets/js/site.js[90m [limit=45, offset=530][0m
[0m
[0m$ [0mcd "D:\home lab\github repo\portfolio\workers\site" && grep -n 'aria-current="page"' services.html about.html status.html pricing.html redeem.html success.html 404.html error.html | sed 's/<div class="nav-account".*//' 
services.html:74:        <a href="/services.html" class="nav-btn" aria-current="page">Services</a>
about.html:77:        <a href="/about.html" class="nav-btn" aria-current="page">About</a>
status.html:76:        <a href="/status.html" class="nav-btn" aria-current="page">Status</a>
pricing.html:75:        <a href="/pricing.html" class="nav-btn" aria-current="page">How It Works</a>
redeem.html:79:        <a href="/redeem.html" class="nav-btn nav-code" aria-current="page">I Have a Code</a>
success.html:90:        <nav class="breadcrumbs" aria-label="Breadcrumb"><a href="/index.html">Home</a><span aria-current="page">Request Received</span></nav>
404.html:84:        <nav class="breadcrumbs" aria-label="Breadcrumb"><a href="/index.html">Home</a><span aria-current="page">Page Not Found</span></nav>
error.html:90:        <nav class="breadcrumbs" aria-label="Breadcrumb"><a href="/index.html">Home</a><span aria-current="page">Error</span></nav>
[0m
[0m$ [0mcd "D:\home lab\github repo\portfolio\workers\site" && grep -n "theme-toggle" assets/js/site.js | head -5 && grep -n "Fraunces" assets/css/site.css | head -5 && grep -rn "Fraunces" assets/css/premium.css | head -3 && tail -20 assets/js/site.js
350:    document.querySelectorAll('.theme-toggle').forEach(function (btn) {
771:    document.querySelectorAll('.theme-toggle').forEach(function (btn) {
2114:    font-family: 'Fraunces', 'Inter', Georgia, serif;
4721:.access-choice-title { font-family: 'Fraunces', serif; font-size: 1.45rem; font-weight: 600; color: var(--primary-bright); }
5362:.sp-title { font-family: 'Fraunces', serif; font-size: 1.6rem; letter-spacing: -0.01em; margin: 0 0 10px; color: var(--primary-bright); }
5402:.mystery-title { font-family: 'Fraunces', serif; font-size: 1.35rem; margin: 0 0 10px; color: var(--primary-bright); }
5778:    font-family: 'Fraunces', Georgia, serif;
2:   Premium Pack (2026-08) — Fraunces headings, hero proof row, rippling
6:/* === 1. Fraunces editorial headings === */
8:    font-family: 'Fraunces', 'Inter', Georgia, serif;

    function show(value) {
        tabs.forEach(function (t) {
            t.classList.toggle('active', t.getAttribute('data-value') === value);
        });
        cards.forEach(function (c) {
            c.classList.toggle('show', c.getAttribute('data-value') === value);
        });
    }

    tabs.forEach(function (tab) {
        tab.addEventListener('click', function () {
            show(tab.getAttribute('data-value'));
        });
    });

    // Show the first value's cards by default
    var initial = tabs[0].getAttribute('data-value');
    show(initial);
})();
[0m
[0m$ [0mcd "D:\home lab\github repo\portfolio\workers\site" && grep -n "@font-face" assets/css/site.css assets/css/premium.css | head && grep -n "fonts" index.html | head -5
47:    <link rel="preload" as="font" type="font/woff2" href="/assets/fonts/inter-var.woff2" crossorigin>
48:    <link rel="preload" as="font" type="font/woff2" href="/assets/fonts/fraunces-var.woff2" crossorigin>
49:                    <link rel="stylesheet" href="/assets/css/fonts.css?v=35">
[0m
Let me check how pages reference site.js/premium.css (cache busting) and confirm nav-actions markup:
[0m$ [0mcd "D:\home lab\github repo\portfolio\workers\site" && grep -n "site.js\|premium.css" index.html | head -5 && grep -c "site.js" *.html | head -20
13:      Previously site.js (defer) added it AFTER first paint, which faded visible
51:    <link rel="stylesheet" href="/assets/css/premium.css?v=35">
196:    <script src="/assets/js/site.js?v=35" defer></script>
404.html:2
about.html:2
changelog.html:2
contact.html:2
error.html:2
form.html:2
index.html:2
pricing.html:2
redeem.html:2
services.html:2
status.html:2
success.html:2
suggest.html:2
support.html:2
[0m
[0m→ [0mRead _headers
The `_headers` confirms CSS/JS are must-revalidate+ETag, so no `?v=` bump needed (and no head edits required). Let me check the pre-existing `nav-v3-baseline` dir and run log — a previous attempt may exist:
[0m
[0m$ [0mcd "D:\home lab\github repo\portfolio\workers\site" && ls -la .oc-tmp/nav-v3-baseline/ && cat .oc-run-navv3.log && git status --short -- workers/site | head -20 && git stash list | head -5
ls: cannot access '.oc-tmp/nav-v3-baseline/': No such file or directory
[0m
 M workers/site/.assetsignore
?? workers/site/.oc-run-navv3.log
45e6f49 nav: minimal invite-only bar (5 items, no dropdown) + hero eyebrow
36df968 services: minimal theme-integrated explorer; descriptions hidden until clicked
b2be019 site-astro: deploy config for live + service-worker precache fix + build guard
[0m
The baseline at repo-root `.oc-tmp/nav-v3-baseline/` holds pristine copies. Working tree is clean (only unrelated `.assetsignore`). One last check — the service worker's precache behavior:
[0m→ [0mRead sw.js
SW does stale-while-revalidate (assets fresh on second load) — existing behavior, out of scope. Now I'll write the transform script that replaces the nav block on all 14 pages, preserving the chip unit byte-for-byte:
[0m
[0m← [0mWrite .oc-tmp/nav-v3-transform.js
Wrote file successfully.
[0m
[0m$ [0mcd "D:\home lab\github repo\portfolio\workers\site" && node .oc-tmp/nav-v3-transform.js
404.html: nav replaced (chip 3298 chars, aria-current=none)
about.html: nav replaced (chip 3298 chars, aria-current=abt)
changelog.html: nav replaced (chip 3298 chars, aria-current=none)
contact.html: nav replaced (chip 3298 chars, aria-current=none)
error.html: nav replaced (chip 3298 chars, aria-current=none)
form.html: nav replaced (chip 3298 chars, aria-current=none)
index.html: nav replaced (chip 3298 chars, aria-current=logo)
pricing.html: nav replaced (chip 3298 chars, aria-current=hiw)
redeem.html: nav replaced (chip 3298 chars, aria-current=code)
services.html: nav replaced (chip 3298 chars, aria-current=svc)
status.html: nav replaced (chip 3298 chars, aria-current=sta)
success.html: nav replaced (chip 3298 chars, aria-current=none)
suggest.html: nav replaced (chip 3298 chars, aria-current=none)
support.html: nav replaced (chip 3298 chars, aria-current=none)
chip unit length: 3298 chars (expected 3298)
[0m
All 14 pages replaced, chip verified 3298 chars identical everywhere. Now the CSS section appended to premium.css:
[0m← [0mEdit assets/css/premium.css
Index: D:\home lab\github repo\portfolio\workers\site\assets\css\premium.css
===================================================================
--- D:\home lab\github repo\portfolio\workers\site\assets\css\premium.css
+++ D:\home lab\github repo\portfolio\workers\site\assets\css\premium.css
@@ -542,4 +542,366 @@
 
 [data-theme="light"] .toast { background: rgba(255, 255, 255, 0.95); color: var(--text); box-shadow: 0 12px 40px rgba(0, 0, 0, 0.15); }
 [data-theme="light"] .ascii-hero { border-color: var(--border-primary); }
 [data-theme="light"] .footer-status { border-color: var(--border-primary); }
+
+/* ==========================================================================
+   === 12. Nav v3 — "Terminal + Crowned" (2026-09-18) =======================
+   The approved redesign (.oc-tmp/nav-options.html, concept 4 "The hybrid"):
+   terminal voice (monospace links, one 12x12 glyph per item, current page
+   sage) in the crowned structure (Fraunces wordmark dead centre, links split
+   3/2 around it), under an always-on glass bar, with ONE ice-white action.
+
+   >=1100px: grid 1fr auto 1fr. LEFT (right-aligned): Services, How It
+   Works, Status. CENTRE: wordmark. RIGHT (left-aligned): About, I Have a
+   Code, hairline separator, search, theme, account, Get Access.
+   <=1099px: the site's existing hamburger drawer pattern — sticky bar,
+   wordmark back at the brand position beside the toggle, full-width card
+   items, search/theme as a centred pill pair inside the drawer, and NO
+   nested scroll container (the menu grows in page flow; the page scrolls).
+
+   Signed in, the account chip is promoted into the ice slot and "Get Access"
+   disappears (a member already has access — offering it again reads as a
+   bug). `.nav-signed-in` is set by assets/js/site.js (external file, so the
+   CSP sha256 allowlist is untouched) by READING the account chip's own
+   mutations — the chip markup + its inline <style>/<script> were copied
+   VERBATIM from the previous nav and no new inline script/style exists.
+   ========================================================================== */
+
+/* --- The bar: always-on glass (mockup .nv4) --- */
+.top-nav {
+    gap: 14px;
+    background: rgba(12, 19, 22, 0.62);
+    backdrop-filter: blur(18px) saturate(1.4);
+    -webkit-backdrop-filter: blur(18px) saturate(1.4);
+}
+[data-theme="light"] .top-nav { background: rgba(233, 239, 234, 0.76); }
+
+/* --- Terminal voice: mono links, one glyph each (mockup .nv4 .links a) --- */
+.top-nav .nav-btn {
+    display: inline-flex;
+    align-items: center;
+    gap: 7px;
+    padding: 8px 10px;
+    background: transparent;
+    border: 0;
+    border-radius: 8px;
+    color: var(--text-dim);
+    font-family: ui-monospace, SFMono-Regular, Menlo, Consolas, monospace;
+    font-size: 0.775rem;
+    letter-spacing: -0.01em;
+    white-space: nowrap;
+    cursor: pointer;
+}
+.top-nav .nav-btn svg { flex: none; opacity: 0.6; transition: opacity 0.18s; }
+.top-nav .nav-btn:hover {
+    color: var(--primary-bright);
+    background: transparent;
+    text-shadow: none;
+}
+.top-nav .nav-btn:hover svg { opacity: 1; }
+.top-nav .nav-btn[aria-current="page"] { color: var(--sage); background: transparent; border-color: transparent; }
+.top-nav .nav-btn[aria-current="page"] svg { opacity: 1; }
+/* The v11 centred hairline is retired by the sage tint + solid glyph. */
+.top-nav .nav-btn[aria-current="page"]::after { content: none; }
+
+/* Sign in (signed OUT): quiet mono text link, deliberately NOT a second
+   button (mockup .acct). The person glyph is trimmed 18 -> 15px in CSS only —
+   the chip markup is CSP-hashed and must stay byte-identical. */
+.top-nav .nav-signin {
+    margin-left: 9px;
+    padding: 8px 11px;
+    border: 0;
+    border-radius: 8px;
+    background: transparent;
+    color: var(--text-dim);
+    font-family: ui-monospace, SFMono-Regular, Menlo, Consolas, monospace;
+    font-size: 0.775rem;
+    letter-spacing: -0.01em;
+    white-space: nowrap;
+    cursor: pointer;
+    transition: color 0.18s, background 0.18s, box-shadow 0.3s cubic-bezier(0.4, 0, 0.2, 1), transform 0.3s cubic-bezier(0.4, 0, 0.2, 1);
+}
+.top-nav .nav-signin:hover {
+    color: var(--primary-bright);
+    background: var(--primary-glow);
+    border: 0;
+}
+.top-nav .nav-account-chip svg { width: 15px; height: 15px; }
+
+/* The ONE bold object, signed out: ice pill, mono (mockup .nv4 .cta). */
+.top-nav .nav-cta {
+    margin-left: 10px;
+    padding: 9px 17px;
+    border-radius: 6px;
+    background: var(--ice);
+    color: #0C1316;
+    font-family: ui-monospace, SFMono-Regular, Menlo, Consolas, monospace;
+    font-size: 0.79rem;
+    font-weight: 600;
+    transition: transform 0.3s cubic-bezier(0.4, 0, 0.2, 1),
+                box-shadow 0.3s cubic-bezier(0.4, 0, 0.2, 1),
+                background 0.3s;
+}
+.top-nav .nav-cta:hover {
+    transform: translateY(-1px);
+    box-shadow: 0 6px 22px rgba(238, 242, 243, 0.22);
+}
+[data-theme="light"] .top-nav .nav-cta { background: #1B2B31; color: #EDF3F4; }
+[data-theme="light"] .top-nav .nav-cta:hover { box-shadow: 0 6px 22px rgba(27, 43, 49, 0.25); }
+
+/* --- SIGNED IN: the chip takes the ice slot; "Get Access" disappears.
+   Mockup stage "Signed in" (.nv4 .acct--member). Driven by .nav-signed-in,
+   set by site.js from the chip's own label/avatar mutations. The pill never
+   clips the popup: the popup hangs off .nav-account (position:relative in the
+   chip's own inline style), not off this button, and nothing here sets
+   overflow on the wrapper. --- */
+.top-nav.nav-signed-in .nav-cta { display: none; }
+.top-nav.nav-signed-in .nav-account-chip {
+    margin-left: 9px;
+    padding: 6px 14px 6px 7px;
+    border: 0;
+    border-radius: 999px;
+    background: var(--ice);
+    color: #0C1316;
+    font-weight: 600;
+}
+.top-nav.nav-signed-in .nav-account-chip:hover {
+    background: #fff;
+    color: #0C1316;
+    transform: translateY(-1px);
+    box-shadow: 0 6px 22px rgba(238, 242, 243, 0.22);
+}
+.top-nav.nav-signed-in .nav-account-chip > svg { display: none; }
+.top-nav.nav-signed-in .nav-account-chip #nav-account-avatar { box-shadow: inset 0 0 0 1.5px rgba(12, 19, 22, 0.16); }
+[data-theme="light"] .top-nav.nav-signed-in .nav-account-chip { background: #1B2B31; color: #EDF3F4; }
+[data-theme="light"] .top-nav.nav-signed-in .nav-account-chip:hover {
+    background: #0d1b20;
+    color: #fff;
+    box-shadow: 0 6px 22px rgba(27, 43, 49, 0.25);
+}
+[data-theme="light"] .top-nav.nav-signed-in .nav-account-chip #nav-account-avatar { box-shadow: inset 0 0 0 1.5px rgba(237, 243, 244, 0.25); }
+
+/* --- Desktop crown (mockup .nv4 grid) --- */
+@media (min-width: 1100px) {
+    .top-nav {
+        display: grid;
+        grid-template-columns: 1fr auto 1fr;
+        align-items: center;
+        padding: 13px 30px;
+    }
+    .top-nav.nav-scrolled { padding: 10px 30px; }
+    .nav-toggle { display: none; }
+
+    /* #nav-links dissolves so its two groups become the grid's flanks */
+    .top-nav .nav-links { display: contents; }
+    .nav-group { display: flex; align-items: center; gap: 2px; min-width: 0; }
+    .nav-group-l { grid-column: 1; justify-content: flex-end; }
+    .nav-group-r { grid-column: 3; justify-content: flex-start; }
+
+    .top-nav .nav-logo {
+        grid-column: 2;
+        gap: 9px;
+        padding: 0 18px;
+        text-decoration: none;
+    }
+    .top-nav .nav-logo img { width: 25px; height: 25px; display: block; }
+    .top-nav .nav-brand {
+        font-family: 'Fraunces', Georgia, serif;
+        font-weight: 600;
+        font-size: 1.06rem;
+        letter-spacing: -0.01em;
+        color: var(--text);
+        white-space: nowrap;
+    }
+
+    /* hairline between the last link and the actions cluster (mockup .acct-sep) */
+    .nav-sep {
+        flex: none;
+        width: 1px;
+        height: 19px;
+        margin: 0 3px 0 7px;
+        background: var(--border-primary);
+        opacity: 0.7;
+    }
+}
+
+/* ==========================================================================
+   Mobile / tablet (<=1099px): the site's existing drawer pattern, widened
+   from the old 768px breakpoint. Same rules the live drawer uses (site.css
+   v28 + the section-11 mobile block), restated here so the whole 0-1099px
+   range is one coherent treatment. Sticky bar, wordmark at the brand
+   position, full-width card items, centred search/theme pill pair, and the
+   menu grows in normal page flow (NO max-height / overflow — the page
+   scrolls).
+   ========================================================================== */
+@media (max-width: 1099.98px) {
+    .top-nav {
+        position: sticky;
+        top: 0;
+        display: flex;
+        flex-wrap: wrap;
+        align-items: center;
+        gap: 10px;
+        padding: 12px 16px;
+    }
+    .top-nav.nav-scrolled { padding: 10px 16px; }
+
+    .nav-toggle {
+        display: flex;
+        margin-left: auto;
+    }
+    .nav-toggle:focus-visible { outline: 3px solid var(--primary-bright); outline-offset: 3px; }
+
+    .top-nav .nav-logo { padding: 0; }
+
+    /* Drawer: glass panel attached under the bar (values match site.css v28).
+       Deliberately no max-height / overflow: the page scrolls, not the menu. */
+    .top-nav .nav-links {
+        display: none;
+        flex-direction: column;
+        align-items: stretch;
+        width: 100%;
+        gap: 2px;
+        padding: 6px 16px 14px;
+        background: rgba(12, 19, 22, 0.92);
+        border: none;
+        border-top: 1px solid var(--border);
+        border-radius: 0;
+        box-shadow: 0 18px 34px rgba(0, 0, 0, 0.35);
+        backdrop-filter: blur(20px) saturate(1.4);
+        -webkit-backdrop-filter: blur(20px) saturate(1.4);
+    }
+    .top-nav .nav-links.nav-open { display: flex; }
+    [data-theme="light"] .top-nav .nav-links {
+        background: rgba(233, 239, 240, 0.94);
+        box-shadow: 0 18px 34px rgba(27, 43, 49, 0.14);
+    }
+
+    /* Full-width cards, left-aligned, 48px tall (>= the 44px minimum) */
+    .top-nav .nav-btn,
+    .top-nav .nav-cta {
+        display: flex;
+        align-items: center;
+        justify-content: flex-start;
+        width: 100%;
+        min-height: 48px;
+        margin: 0;
+        padding: 12px 14px;
+        font-size: 1rem;
+        font-weight: 650;
+        text-align: left;
+        white-space: normal;
+        border-radius: 10px;
+    }
+    .top-nav .nav-btn {
+        background: var(--card-bg);
+        border: 1px solid var(--border);
+    }
+    .top-nav .nav-btn:hover,
+    .top-nav .nav-btn:focus-visible { background: var(--card-bg); border-color: var(--border-primary); }
+    .top-nav .nav-btn svg { opacity: 0.6; }
+    .top-nav .nav-btn[aria-current="page"] {
+        color: var(--sage);
+        background: var(--card-bg);
+        border-color: var(--border-primary);
+    }
+    .top-nav .nav-btn[aria-current="page"] svg { opacity: 1; }
+    /* Drawer active accent: left bar (keeps the v11 drawer treatment), so the
+       section-11 centred underline can never leak into the 769-1099 range. */
+    .top-nav .nav-btn[aria-current="page"]::after {
+        content: '';
+        left: 0;
+        right: auto;
+        top: 8px;
+        bottom: 8px;
+        width: 2px;
+        height: auto;
+        background: linear-gradient(180deg, transparent, var(--primary-bright), transparent);
+    }
+    [data-theme="light"] .top-nav .nav-btn {
+        background: rgba(255, 255, 255, 0.72);
+        border-color: rgba(51, 86, 95, 0.15);
+    }
+    [data-theme="light"] .top-nav .nav-btn:hover,
+    [data-theme="light"] .top-nav .nav-btn:focus-visible { background: rgba(255, 255, 255, 0.72); }
+    [data-theme="light"] .top-nav .nav-btn[aria-current="page"] {
+        background: rgba(255, 255, 255, 0.72);
+        border-color: rgba(51, 86, 95, 0.3);
+    }
+    .top-nav .nav-btn .nav-toggle-bar { display: none; }
+
+    /* Account chip in the drawer: full-width quiet card, 48px */
+    .top-nav .nav-signin {
+        display: flex;
+        align-items: center;
+        justify-content: flex-start;
+        width: 100%;
+        min-height: 48px;
+        margin: 0;
+        padding: 12px 16px;
+        font-size: 1rem;
+        letter-spacing: 0;
+        text-align: left;
+        background: var(--card-bg);
+        border: 1px solid var(--border);
+        border-radius: 10px;
+    }
+    .top-nav .nav-signin:hover { background: var(--card-bg); border-color: var(--border-primary); }
+    .top-nav .nav-account-chip svg { width: 18px; height: 18px; }
+    [data-theme="light"] .top-nav .nav-signin {
+        background: rgba(255, 255, 255, 0.72);
+        border-color: rgba(51, 86, 95, 0.15);
+    }
+
+    /* Get Access: full-width ice pill */
+    .top-nav .nav-cta {
+        justify-content: center;
+        min-height: 48px;
+        padding: 13px 20px;
+        margin-top: 4px;
+    }
+
+    /* Signed in, the chip IS the primary action: full-width ice pill */
+    .top-nav.nav-signed-in .nav-account-chip {
+        width: 100%;
+        min-height: 48px;
+        margin: 0;
+        padding: 12px 16px;
+        justify-content: flex-start;
+        border-radius: 999px;
+    }
+
+    /* Search + theme move INSIDE the drawer: centred side-by-side pills */
+    .nav-sep { display: none; }
+    .top-nav .nav-actions {
+        display: flex;
+        flex-direction: row;
+        align-items: center;
+        justify-content: center;
+        gap: 8px;
+        margin-top: 2px;
+    }
+    .top-nav .nav-search,
+    .top-nav .theme-toggle {
+        display: inline-flex;
+        align-items: center;
+        justify-content: center;
+        width: 46px;
+        height: 46px;
+        min-width: 46px;
+        min-height: 46px;
+        margin: 0;
+        border-radius: 999px;
+        background: rgba(255, 255, 255, 0.05);
+        border: 1px solid var(--border);
+    }
+}
+
+@media (prefers-reduced-motion: reduce) {
+    .top-nav .nav-btn svg,
+    .top-nav .nav-signin,
+    .top-nav .nav-cta,
+    .top-nav.nav-signed-in .nav-account-chip { transition: none; }
+    .top-nav.nav-signed-in .nav-account-chip:hover { transform: none; }
+    .top-nav .nav-cta:hover { transform: none; }
+}

[0m
Now the site.js IIFE, appended exactly as specified in the brief:
[0m← [0mEdit assets/js/site.js
Index: D:\home lab\github repo\portfolio\workers\site\assets\js\site.js
===================================================================
--- D:\home lab\github repo\portfolio\workers\site\assets\js\site.js
+++ D:\home lab\github repo\portfolio\workers\site\assets\js\site.js
@@ -986,4 +986,30 @@
     // Show the first value's cards by default
     var initial = tabs[0].getAttribute('data-value');
     show(initial);
 })();
+
+/* === Nav: reflect the signed-in state (nav v3) ===
+   The account chip's inline script swaps its label to the user's first name and
+   un-hides the avatar once /api/auth/state reports a session. We only READ those
+   two mutations and tag the nav, so the stylesheet can promote the chip to the
+   primary action and hide "Get Access". Pure CSS would need :has(), which the
+   user's iOS Safari does not support reliably; a class set here avoids both that
+   and any new inline script (the CSP is a sha256 allowlist). */
+(function () {
+    'use strict';
+    var nav = document.querySelector('.top-nav');
+    var label = document.getElementById('nav-account-label');
+    var avatar = document.getElementById('nav-account-avatar');
+    if (!nav || !label || !avatar) return;
+
+    function sync() {
+        var signedIn =
+            (label.textContent || '').trim() !== 'Sign in' &&
+            (avatar.style.display === 'inline-block' || !avatar.hidden);
+        nav.classList.toggle('nav-signed-in', signedIn);
+    }
+
+    new MutationObserver(sync).observe(label, { childList: true, characterData: true, subtree: true });
+    new MutationObserver(sync).observe(avatar, { attributes: true, attributeFilter: ['style', 'hidden'] });
+    sync();
+})();

[0m
Now the full verification pass:
[0m$ [0mcd "D:\home lab\github repo\portfolio\workers\site" && node -e "
const css=require('fs').readFileSync('assets/css/premium.css','utf8');
let d=0,line=1,min=0;for(const ch of css){if(ch==='\n')line++;if(ch==='{')d++;if(ch==='}')d--;if(d<0){console.log('unbalanced } at line',line);min=d;}}
console.log('brace depth at EOF:',d);
// quick selector sanity for new section
const need=['.top-nav.nav-signed-in .nav-cta','.nav-group-l','.nav-group-r','@media (min-width: 1100px)','@media (max-width: 1099.98px)','display: contents'];
for(const n of need) if(!css.includes(n)) console.log('MISSING:',n);
console.log('css section starts at line:', css.slice(0,css.indexOf('=== 12. Nav v3')).split('\n').length);
"
brace depth at EOF: 0
css section starts at line: 548
[0m
[0m$ [0mcd "D:\home lab\github repo\portfolio\workers\site" && node --check assets/js/site.js && echo "site.js syntax OK" && node -e "
const fs=require('fs');
const PAGES=['404.html','about.html','changelog.html','contact.html','error.html','form.html','index.html','pricing.html','redeem.html','services.html','status.html','success.html','suggest.html','support.html'];
const BASE='D:/home lab/github repo/portfolio/.oc-tmp/nav-v3-baseline/';
let ok=true;
const CHIP_START='<div class=\"nav-account\" id=\"nav-account\">';
function chipUnit(t){const c=t.indexOf(CHIP_START);const s=t.indexOf('</style>',c);const e=t.indexOf('</script>',s);return t.slice(c,e+9);}
function counts(t){return (t.match(/<style>/g)||[]).length+':'+(t.match(/<script>/g)||[]).length+':'+(t.match(/<script src/g)||[]).length;}
let refChip=null;
for(const p of PAGES){
  const now=fs.readFileSync(p,'utf8'), was=fs.readFileSync(BASE+p,'utf8');
  const cn=chipUnit(now), cw=chipUnit(was);
  if(cn!==cw){console.log('CHIP DIFFERS: '+p);ok=false;}
  if(!refChip)refChip=cn; else if(cn!==refChip){console.log('CHIP CROSS-PAGE DIFF: '+p);ok=false;}
  if(counts(now)!==counts(was)){console.log('SCRIPT/STYLE COUNT CHANGED: '+p, counts(was),'->',counts(now));ok=false;}
  // everything outside the nav must be untouched
  function navSpan(t){const a=t.indexOf('<nav class=\"top-nav\"');const b=t.indexOf('</nav>',a)+6;return [a,b];}
  const [an,bn]=navSpan(now), [ao,bo]=navSpan(was);
  if(now.slice(0,an)!==was.slice(0,ao) || now.slice(bn)!==was.slice(bo)){console.log('NON-NAV CONTENT CHANGED: '+p);ok=false;}
}
console.log('chip length:',refChip.length);
console.log(ok?'ALL PAGE CHECKS PASS':'FAILURES ABOVE');
"
site.js syntax OK
chip length: 3298
ALL PAGE CHECKS PASS
[0m
All checks pass. Let me remove one dead defensive rule I added (`.nav-toggle-bar` can never be inside `.nav-btn`) and eyeball the final markup:
[0m← [0mEdit assets/css/premium.css
Index: D:\home lab\github repo\portfolio\workers\site\assets\css\premium.css
===================================================================
--- D:\home lab\github repo\portfolio\workers\site\assets\css\premium.css
+++ D:\home lab\github repo\portfolio\workers\site\assets\css\premium.css
@@ -827,9 +827,8 @@
 [data-theme="light"] .top-nav .nav-btn[aria-current="page"] {
     background: rgba(255, 255, 255, 0.72);
     border-color: rgba(51, 86, 95, 0.3);
 }
-.top-nav .nav-btn .nav-toggle-bar { display: none; }
 
 /* Account chip in the drawer: full-width quiet card, 48px */
 .top-nav .nav-signin {
     display: flex;

[0m
[0m→ [0mRead services.html[90m [limit=42, offset=63][0m
The markup is correct. One risk I want to guard: at exactly 1100–1279px the 3/2-split columns + centred wordmark are tight and wide monospace stacks could overflow the 1fr flanks. Adding a small mid-range trim to the new section:
[0m
[0m← [0mEdit assets/css/premium.css
Index: D:\home lab\github repo\portfolio\workers\site\assets\css\premium.css
===================================================================
--- D:\home lab\github repo\portfolio\workers\site\assets\css\premium.css
+++ D:\home lab\github repo\portfolio\workers\site\assets\css\premium.css
@@ -724,8 +724,18 @@
         opacity: 0.7;
     }
 }
 
+/* Narrow desktop (just past the drawer breakpoint): the crowned columns get
+   tight, so trim bar/centre padding — proportions of the mockup unchanged. */
+@media (min-width: 1100px) and (max-width: 1279px) {
+    .top-nav { padding: 13px 20px; gap: 8px; }
+    .top-nav.nav-scrolled { padding: 10px 20px; }
+    .top-nav .nav-logo { padding: 0 8px; }
+    .top-nav .nav-btn { padding: 8px 8px; }
+    .top-nav .nav-cta { padding: 9px 13px; }
+}
+
 /* ==========================================================================
    Mobile / tablet (<=1099px): the site's existing drawer pattern, widened
    from the old 768px breakpoint. Same rules the live drawer uses (site.css
    v28 + the section-11 mobile block), restated here so the whole 0-1099px

[0m
[0m$ [0mcd "D:\home lab\github repo\portfolio\workers\site" && node -e "
const css=require('fs').readFileSync('assets/css/premium.css','utf8');
let d=0;for(const ch of css){if(ch==='{')d++;if(ch==='}')d--;}
console.log('premium.css brace depth EOF:',d,'| nav v3 section line:',css.slice(0,css.indexOf('=== 12. Nav v3')).split('\n').length);
" && node --check assets/js/site.js && echo "site.js OK" && grep -l 'nav-group nav-group-l' *.html | wc -l && grep -c 'nav-account' index.html && cd "D:\home lab\github repo\portfolio" && git status --short -- workers/site
premium.css brace depth EOF: 0 | nav v3 section line: 548
site.js OK
14
1
 M workers/site/.assetsignore
 M workers/site/404.html
 M workers/site/about.html
 M workers/site/assets/css/premium.css
 M workers/site/assets/js/site.js
 M workers/site/changelog.html
 M workers/site/contact.html
 M workers/site/error.html
 M workers/site/form.html
 M workers/site/index.html
 M workers/site/pricing.html
 M workers/site/redeem.html
 M workers/site/services.html
 M workers/site/status.html
 M workers/site/success.html
 M workers/site/suggest.html
 M workers/site/support.html
?? workers/site/.oc-run-navv3.log
[0m
All green: 14 pages + premium.css + site.js, braces balanced, JS syntax OK, chip byte-identical (3298 chars) everywhere, no inline script/style added, and nothing outside the nav block changed on any page.

READY TO DEPLOY
pages changed: 14
account chip preserved verbatim: yes (3298 chars, byte-identical on all 14 pages, verified against `.oc-tmp/nav-v3-baseline/`)
new inline script/style added: no (signed-in state driven by the IIFE appended to `assets/js/site.js`, exactly as the brief specifies; chip glyph trimmed 18→15px via CSS only, since the chip bytes are CSP-hashed)
css section added at: premium.css line 548 (appended after section 11; light-theme variants included; signed-in rules at `.top-nav.nav-signed-in`, popup unclipped)
mobile breakpoint(s) used: `max-width: 1099.98px` (drawer — extends the site's existing sticky/hamburger/card pattern from the old 768px cutoff), `min-width: 1100px` (crowned grid), `min-width: 1100px and max-width: 1279px` (padding trim so the 3/2 split can't overflow just past the breakpoint)
open questions:
- `assets/js/site.js`'s pre-existing resize handler (line ~173) still closes the drawer above 768px, so resizing 800→900px shuts an open drawer. Untouched per the brief's "do not modify any other part of site.js" — say the word and I'll raise that constant to 1100.
- `sw.js` serves assets stale-while-revalidate: returning visitors may need one reload post-deploy for fresh CSS/JS. Bumping `mysweetpea-v45` → `v46` at deploy time would make it immediate (left untouched, out of brief scope).
